// Jest Snapshot v1, https://goo.gl/fbAQLP

exports[`ActivePlayers renders correctly 1`] = `
<ul
  className="sc-bwzfXH fLjpAL"
/>
`;
